{"case": "F01", "arm": "source", "joint": true, "route": "direct_execute", "stop": null}
{"case": "F01", "arm": "english", "joint": false, "route": "llm_fallback", "stop": "technical_failure"}
{"case": "F01", "arm": "source", "joint": true, "route": "direct_execute", "stop": null}
{"case": "F01", "arm": "english", "joint": true, "route": "direct_execute", "stop": null}
{"case": "F02", "arm": "english", "joint": true, "route": "direct_execute", "stop": null}
{"case": "F02", "arm": "source", "joint": true, "route": "direct_execute", "stop": null}
{"case": "F03", "arm": "source", "joint": true, "route": "direct_execute", "stop": null}
{"case": "F03", "arm": "english", "joint": true, "route": "direct_execute", "stop": null}
{"case": "F04", "arm": "english", "joint": true, "route": "direct_execute", "stop": null}
{"case": "F04", "arm": "source", "joint": true, "route": "direct_execute", "stop": null}
{"case": "F05", "arm": "source", "joint": true, "route": "direct_execute", "stop": null}
{"case": "F05", "arm": "english", "joint": true, "route": "direct_execute", "stop": null}
{"case": "F06", "arm": "english", "joint": true, "route": "direct_execute", "stop": null}
{"case": "F06", "arm": "source", "joint": true, "route": "direct_execute", "stop": null}
{"case": "F07", "arm": "source", "joint": true, "route": "direct_execute", "stop": null}
{"case": "F07", "arm": "english", "joint": true, "route": "direct_execute", "stop": null}
{"case": "F08", "arm": "english", "joint": true, "route": "direct_execute", "stop": null}
{"case": "F08", "arm": "source", "joint": true, "route": "direct_execute", "stop": null}
{"case": "F09", "arm": "source", "joint": true, "route": "direct_execute", "stop": null}
{"case": "F09", "arm": "english", "joint": true, "route": "direct_execute", "stop": null}
{"case": "F10", "arm": "english", "joint": true, "route": "direct_execute", "stop": null}
{"case": "F10", "arm": "source", "joint": true, "route": "direct_execute", "stop": null}
{"case": "F11", "arm": "source", "joint": true, "route": "direct_execute", "stop": null}
{"case": "F11", "arm": "english", "joint": true, "route": "direct_execute", "stop": null}
{"case": "F12", "arm": "english", "joint": true, "route": "direct_execute", "stop": null}
{"case": "F12", "arm": "source", "joint": true, "route": "direct_execute", "stop": null}
{"case": "F13", "arm": "source", "joint": true, "route": "direct_execute", "stop": null}
{"case": "F13", "arm": "english", "joint": true, "route": "direct_execute", "stop": null}
{"case": "F14", "arm": "english", "joint": true, "route": "direct_execute", "stop": null}
{"case": "F14", "arm": "source", "joint": true, "route": "direct_execute", "stop": null}
{"case": "F15", "arm": "source", "joint": true, "route": "direct_execute", "stop": null}
{"case": "F15", "arm": "english", "joint": true, "route": "direct_execute", "stop": null}
{"case": "F16", "arm": "english", "joint": true, "route": "direct_execute", "stop": null}
{"case": "F16", "arm": "source", "joint": true, "route": "direct_execute", "stop": null}
{"case": "F17", "arm": "source", "joint": true, "route": "direct_execute", "stop": null}
{"case": "F17", "arm": "english", "joint": true, "route": "direct_execute", "stop": null}
{"case": "F18", "arm": "english", "joint": true, "route": "direct_execute", "stop": null}
{"case": "F18", "arm": "source", "joint": true, "route": "direct_execute", "stop": null}
{"case": "F19", "arm": "source", "joint": true, "route": "direct_execute", "stop": null}
{"case": "F19", "arm": "english", "joint": true, "route": "direct_execute", "stop": null}
{"case": "F20", "arm": "english", "joint": true, "route": "direct_execute", "stop": null}
{"case": "F20", "arm": "source", "joint": true, "route": "direct_execute", "stop": null}
{"case": "F21", "arm": "source", "joint": true, "route": "direct_execute", "stop": null}
{"case": "F21", "arm": "english", "joint": true, "route": "direct_execute", "stop": null}
{"case": "F22", "arm": "english", "joint": true, "route": "direct_execute", "stop": null}
{"case": "F22", "arm": "source", "joint": true, "route": "direct_execute", "stop": null}
{"case": "F23", "arm": "source", "joint": true, "route": "direct_execute", "stop": null}
{"case": "F23", "arm": "english", "joint": true, "route": "direct_execute", "stop": null}
{"case": "F24", "arm": "english", "joint": true, "route": "direct_execute", "stop": null}
{"case": "F24", "arm": "source", "joint": true, "route": "direct_execute", "stop": null}
{"case": "F25", "arm": "source", "joint": true, "route": "direct_execute", "stop": null}
{"case": "F25", "arm": "english", "joint": true, "route": "direct_execute", "stop": null}
{"case": "F26", "arm": "english", "joint": true, "route": "direct_execute", "stop": null}
{"case": "F26", "arm": "source", "joint": true, "route": "direct_execute", "stop": null}
{"case": "F27", "arm": "source", "joint": true, "route": "direct_execute", "stop": null}
{"case": "F27", "arm": "english", "joint": true, "route": "direct_execute", "stop": null}
{"case": "F28", "arm": "english", "joint": true, "route": "direct_execute", "stop": null}
{"case": "F28", "arm": "source", "joint": true, "route": "direct_execute", "stop": null}
{"case": "F29", "arm": "source", "joint": true, "route": "direct_execute", "stop": null}
{"case": "F29", "arm": "english", "joint": true, "route": "direct_execute", "stop": null}
{"case": "F30", "arm": "english", "joint": true, "route": "direct_execute", "stop": null}
{"case": "F30", "arm": "source", "joint": true, "route": "direct_execute", "stop": null}
{"case": "F31", "arm": "source", "joint": true, "route": "original_path", "stop": null}
{"case": "F31", "arm": "english", "joint": true, "route": "original_path", "stop": null}
{"case": "F00", "arm": "source", "joint": true, "route": "direct_execute", "stop": null}
{"case": "F00", "arm": "english", "joint": true, "route": "direct_execute", "stop": null}
{"case": "F01", "arm": "english", "joint": true, "route": "direct_execute", "stop": null}
{"case": "F01", "arm": "source", "joint": true, "route": "direct_execute", "stop": null}
{"case": "F02", "arm": "source", "joint": true, "route": "direct_execute", "stop": null}
{"case": "F02", "arm": "english", "joint": true, "route": "direct_execute", "stop": null}
{"case": "F03", "arm": "english", "joint": true, "route": "direct_execute", "stop": null}
{"case": "F03", "arm": "source", "joint": true, "route": "direct_execute", "stop": null}
{"case": "F04", "arm": "source", "joint": true, "route": "direct_execute", "stop": null}
{"case": "F04", "arm": "english", "joint": true, "route": "direct_execute", "stop": null}
{"case": "F05", "arm": "english", "joint": true, "route": "direct_execute", "stop": null}
{"case": "F05", "arm": "source", "joint": true, "route": "direct_execute", "stop": null}
{"case": "F06", "arm": "source", "joint": true, "route": "direct_execute", "stop": null}
{"case": "F06", "arm": "english", "joint": true, "route": "direct_execute", "stop": null}
{"case": "F07", "arm": "english", "joint": true, "route": "direct_execute", "stop": null}
{"case": "F07", "arm": "source", "joint": true, "route": "direct_execute", "stop": null}
{"case": "F08", "arm": "source", "joint": true, "route": "direct_execute", "stop": null}
{"case": "F08", "arm": "english", "joint": true, "route": "direct_execute", "stop": null}
{"case": "F09", "arm": "english", "joint": true, "route": "direct_execute", "stop": null}
{"case": "F09", "arm": "source", "joint": true, "route": "direct_execute", "stop": null}
{"case": "F10", "arm": "source", "joint": true, "route": "direct_execute", "stop": null}
{"case": "F10", "arm": "english", "joint": true, "route": "direct_execute", "stop": null}
{"case": "F11", "arm": "english", "joint": true, "route": "direct_execute", "stop": null}
{"case": "F11", "arm": "source", "joint": true, "route": "direct_execute", "stop": null}
{"case": "F12", "arm": "source", "joint": true, "route": "direct_execute", "stop": null}
{"case": "F12", "arm": "english", "joint": true, "route": "direct_execute", "stop": null}
{"case": "F13", "arm": "english", "joint": true, "route": "direct_execute", "stop": null}
{"case": "F13", "arm": "source", "joint": true, "route": "direct_execute", "stop": null}
{"case": "F14", "arm": "source", "joint": true, "route": "direct_execute", "stop": null}
{"case": "F14", "arm": "english", "joint": true, "route": "direct_execute", "stop": null}
{"case": "F15", "arm": "english", "joint": true, "route": "direct_execute", "stop": null}
{"case": "F15", "arm": "source", "joint": true, "route": "direct_execute", "stop": null}
{"case": "F16", "arm": "source", "joint": true, "route": "direct_execute", "stop": null}
{"case": "F16", "arm": "english", "joint": true, "route": "direct_execute", "stop": null}
{"case": "F17", "arm": "english", "joint": true, "route": "direct_execute", "stop": null}
{"case": "F17", "arm": "source", "joint": true, "route": "direct_execute", "stop": null}
{"case": "F18", "arm": "source", "joint": true, "route": "direct_execute", "stop": null}
{"case": "F18", "arm": "english", "joint": true, "route": "direct_execute", "stop": null}
{"case": "F19", "arm": "english", "joint": true, "route": "direct_execute", "stop": null}
{"case": "F19", "arm": "source", "joint": true, "route": "direct_execute", "stop": null}
{"case": "F20", "arm": "source", "joint": true, "route": "direct_execute", "stop": null}
{"case": "F20", "arm": "english", "joint": true, "route": "direct_execute", "stop": null}
{"case": "F21", "arm": "english", "joint": true, "route": "direct_execute", "stop": null}
{"case": "F21", "arm": "source", "joint": true, "route": "direct_execute", "stop": null}
{"case": "F22", "arm": "source", "joint": true, "route": "direct_execute", "stop": null}
{"case": "F22", "arm": "english", "joint": true, "route": "direct_execute", "stop": null}
{"case": "F23", "arm": "english", "joint": true, "route": "direct_execute", "stop": null}
{"case": "F23", "arm": "source", "joint": true, "route": "direct_execute", "stop": null}
{"case": "F24", "arm": "source", "joint": true, "route": "direct_execute", "stop": null}
{"case": "F24", "arm": "english", "joint": true, "route": "direct_execute", "stop": null}
{"case": "F25", "arm": "english", "joint": true, "route": "direct_execute", "stop": null}
{"case": "F25", "arm": "source", "joint": true, "route": "direct_execute", "stop": null}
{"case": "F26", "arm": "source", "joint": true, "route": "direct_execute", "stop": null}
{"case": "F26", "arm": "english", "joint": true, "route": "direct_execute", "stop": null}
{"case": "F27", "arm": "english", "joint": true, "route": "direct_execute", "stop": null}
{"case": "F27", "arm": "source", "joint": true, "route": "direct_execute", "stop": null}
{"case": "F28", "arm": "source", "joint": true, "route": "direct_execute", "stop": null}
{"case": "F28", "arm": "english", "joint": true, "route": "direct_execute", "stop": null}
{"case": "F29", "arm": "english", "joint": true, "route": "direct_execute", "stop": null}
{"case": "F29", "arm": "source", "joint": true, "route": "direct_execute", "stop": null}
{"case": "F30", "arm": "source", "joint": true, "route": "direct_execute", "stop": null}
{"case": "F30", "arm": "english", "joint": true, "route": "direct_execute", "stop": null}
{"case": "F31", "arm": "english", "joint": true, "route": "original_path", "stop": null}
{"case": "F31", "arm": "source", "joint": true, "route": "original_path", "stop": null}
{"case": "F00", "arm": "source", "joint": false, "route": "acquire_information", "stop": null}
{"case": "F00", "arm": "english", "joint": false, "route": "acquire_information", "stop": null}
{"case": "F01", "arm": "english", "joint": false, "route": "acquire_information", "stop": null}
{"case": "F01", "arm": "source", "joint": false, "route": "acquire_information", "stop": null}
{"case": "F02", "arm": "source", "joint": false, "route": "acquire_information", "stop": null}
{"case": "F02", "arm": "english", "joint": false, "route": "acquire_information", "stop": null}
{"case": "F03", "arm": "english", "joint": false, "route": "acquire_information", "stop": null}
{"case": "F03", "arm": "source", "joint": false, "route": "acquire_information", "stop": null}
{"case": "F04", "arm": "source", "joint": false, "route": "acquire_information", "stop": null}
{"case": "F04", "arm": "english", "joint": false, "route": "acquire_information", "stop": null}
{"case": "F05", "arm": "english", "joint": false, "route": "acquire_information", "stop": null}
{"case": "F05", "arm": "source", "joint": false, "route": "acquire_information", "stop": null}
{"case": "F06", "arm": "source", "joint": false, "route": "acquire_information", "stop": null}
{"case": "F06", "arm": "english", "joint": false, "route": "acquire_information", "stop": null}
{"case": "F07", "arm": "english", "joint": false, "route": "acquire_information", "stop": null}
{"case": "F07", "arm": "source", "joint": false, "route": "acquire_information", "stop": null}
{"case": "F08", "arm": "source", "joint": false, "route": "acquire_information", "stop": null}
{"case": "F08", "arm": "english", "joint": false, "route": "acquire_information", "stop": null}
{"case": "F09", "arm": "english", "joint": false, "route": "acquire_information", "stop": null}
{"case": "F09", "arm": "source", "joint": false, "route": "acquire_information", "stop": null}
{"case": "F10", "arm": "source", "joint": false, "route": "acquire_information", "stop": null}
{"case": "F10", "arm": "english", "joint": false, "route": "acquire_information", "stop": null}
{"case": "F11", "arm": "english", "joint": false, "route": "acquire_information", "stop": null}
{"case": "F11", "arm": "source", "joint": false, "route": "acquire_information", "stop": null}
{"case": "F12", "arm": "source", "joint": false, "route": "acquire_information", "stop": null}
{"case": "F12", "arm": "english", "joint": false, "route": "acquire_information", "stop": null}
{"case": "F13", "arm": "english", "joint": false, "route": "acquire_information", "stop": null}
{"case": "F13", "arm": "source", "joint": false, "route": "acquire_information", "stop": null}
{"case": "F14", "arm": "source", "joint": false, "route": "acquire_information", "stop": null}
{"case": "F14", "arm": "english", "joint": false, "route": "acquire_information", "stop": null}
{"case": "F15", "arm": "english", "joint": false, "route": "acquire_information", "stop": null}
{"case": "F15", "arm": "source", "joint": false, "route": "acquire_information", "stop": null}
{"case": "F16", "arm": "source", "joint": false, "route": "acquire_information", "stop": null}
{"case": "F16", "arm": "english", "joint": false, "route": "acquire_information", "stop": null}
{"case": "F17", "arm": "english", "joint": false, "route": "acquire_information", "stop": null}
{"case": "F17", "arm": "source", "joint": false, "route": "acquire_information", "stop": null}
{"case": "F18", "arm": "source", "joint": false, "route": "acquire_information", "stop": null}
{"case": "F18", "arm": "english", "joint": false, "route": "acquire_information", "stop": null}
{"case": "F19", "arm": "english", "joint": false, "route": "acquire_information", "stop": null}
{"case": "F19", "arm": "source", "joint": false, "route": "acquire_information", "stop": null}
{"case": "F20", "arm": "source", "joint": false, "route": "acquire_information", "stop": null}
{"case": "F20", "arm": "english", "joint": false, "route": "acquire_information", "stop": null}
{"case": "F21", "arm": "english", "joint": false, "route": "acquire_information", "stop": null}
{"case": "F21", "arm": "source", "joint": false, "route": "acquire_information", "stop": null}
{"case": "F22", "arm": "source", "joint": false, "route": "acquire_information", "stop": null}
{"case": "F22", "arm": "english", "joint": false, "route": "acquire_information", "stop": null}
{"case": "F23", "arm": "english", "joint": false, "route": "acquire_information", "stop": null}
{"case": "F23", "arm": "source", "joint": false, "route": "acquire_information", "stop": null}
{"case": "F24", "arm": "source", "joint": false, "route": "acquire_information", "stop": null}
{"case": "F24", "arm": "english", "joint": false, "route": "acquire_information", "stop": null}
{"case": "F25", "arm": "english", "joint": false, "route": "acquire_information", "stop": null}
{"case": "F25", "arm": "source", "joint": false, "route": "acquire_information", "stop": null}
{"case": "F26", "arm": "source", "joint": false, "route": "acquire_information", "stop": null}
{"case": "F26", "arm": "english", "joint": false, "route": "acquire_information", "stop": null}
{"case": "F27", "arm": "english", "joint": false, "route": "acquire_information", "stop": null}
{"case": "F27", "arm": "source", "joint": false, "route": "acquire_information", "stop": null}
{"case": "F28", "arm": "source", "joint": false, "route": "acquire_information", "stop": null}
{"case": "F28", "arm": "english", "joint": false, "route": "acquire_information", "stop": null}
{"case": "F29", "arm": "english", "joint": false, "route": "acquire_information", "stop": null}
{"case": "F29", "arm": "source", "joint": false, "route": "acquire_information", "stop": null}
{"case": "F30", "arm": "source", "joint": false, "route": "acquire_information", "stop": null}
{"case": "F30", "arm": "english", "joint": false, "route": "acquire_information", "stop": null}
{"case": "F31", "arm": "english", "joint": true, "route": "original_path", "stop": null}
{"case": "F31", "arm": "source", "joint": true, "route": "original_path", "stop": null}
{"case": "F00", "arm": "source", "joint": false, "route": "llm_fallback", "stop": "technical_failure"}
simulated late failure
simulated late failure
----------------------------------------------------------------------
Ran 1408 tests in 150.159s

OK (skipped=5)
initialized_mission: /srv/agentdock/.agentdock/tmp/tmp8evv6w9j/mission
script_result: runtime files created; agentic Mission judgment is still required
initialized_lite_mission: /srv/agentdock/.agentdock/tmp/tmp029gwu8i/mission
active_task_id: T1
script_result: lite runtime files created; agentic Mission judgment is still required
