DELIVERED 00-D01-gpt-6.1-sol-current calls 1
DELIVERED 01-D01-gpt-6.1-sol-slim calls 1
DELIVERED 02-I01-gpt-6.1-sol-slim calls 1
DELIVERED 03-I01-gpt-6.1-sol-current calls 1
READ 04-F01-gpt-6.1-sol-current ['skills/wae/SKILL.md']
DELIVERED 04-F01-gpt-6.1-sol-current calls 2
DELIVERED 05-F01-gpt-6.1-sol-slim calls 1
DELIVERED 06-F02-gpt-6.1-sol-slim calls 1
DELIVERED 07-F02-gpt-6.1-sol-current calls 1
READ 08-M01-gpt-6.1-sol-current ['skills/mpg/SKILL.md']
DELIVERED 08-M01-gpt-6.1-sol-current calls 2
DELIVERED 09-M01-gpt-6.1-sol-slim calls 1
READ 10-M02-gpt-6.1-sol-slim ['skills/mpg/SKILL.md']
DELIVERED 10-M02-gpt-6.1-sol-slim calls 2
READ 11-M02-gpt-6.1-sol-current ['skills/mpg/SKILL.md']
DELIVERED 11-M02-gpt-6.1-sol-current calls 2
READ 12-E01-gpt-6.1-sol-current ['skills/edsp/SKILL.md']
DELIVERED 12-E01-gpt-6.1-sol-current calls 2
READ 13-E01-gpt-6.1-sol-slim ['skills/edsp/SKILL.md']
DELIVERED 13-E01-gpt-6.1-sol-slim calls 2
READ 14-W01-gpt-6.1-sol-slim ['skills/wae/SKILL.md']
DELIVERED 14-W01-gpt-6.1-sol-slim calls 2
READ 15-W01-gpt-6.1-sol-current ['skills/wae/SKILL.md']
DELIVERED 15-W01-gpt-6.1-sol-current calls 2
READ 16-W02-gpt-6.1-sol-current ['skills/wae/SKILL.md']
DELIVERED 16-W02-gpt-6.1-sol-current calls 2
READ 17-W02-gpt-6.1-sol-slim ['skills/wae/SKILL.md']
DELIVERED 17-W02-gpt-6.1-sol-slim calls 2
DELIVERED 18-P01-gpt-6.1-sol-slim calls 1
DELIVERED 19-P01-gpt-6.1-sol-current calls 1
READ 20-P02-gpt-6.1-sol-current ['skills/3l5s/SKILL.md']
DELIVERED 20-P02-gpt-6.1-sol-current calls 2
DELIVERED 21-P02-gpt-6.1-sol-slim calls 1
READ 22-R01-gpt-6.1-sol-slim ['skills/sra/SKILL.md']
DELIVERED 22-R01-gpt-6.1-sol-slim calls 2
READ 23-R01-gpt-6.1-sol-current ['skills/sra/SKILL.md']
DELIVERED 23-R01-gpt-6.1-sol-current calls 2
DELIVERED 24-V01-gpt-6.1-sol-current calls 1
DELIVERED 25-V01-gpt-6.1-sol-slim calls 1
DELIVERED 26-V02-gpt-6.1-sol-slim calls 1
DELIVERED 27-V02-gpt-6.1-sol-current calls 1
DELIVERED 28-L01-gpt-6.1-sol-current calls 1
DELIVERED 29-L01-gpt-6.1-sol-slim calls 1
DELIVERED 30-L02-gpt-6.1-sol-slim calls 1
READ 31-L02-gpt-6.1-sol-current ['skills/tplan/SKILL.md']
DELIVERED 31-L02-gpt-6.1-sol-current calls 2
READ 32-F01-gpt-6-astra-current ['skills/edsp/SKILL.md']
DELIVERED 32-F01-gpt-6-astra-current calls 2
DELIVERED 33-F01-gpt-6-astra-slim calls 1
DELIVERED 34-F02-gpt-6-astra-slim calls 1
DELIVERED 35-F02-gpt-6-astra-current calls 1
READ 36-W01-gpt-6-astra-current ['skills/wae/SKILL.md']
DELIVERED 36-W01-gpt-6-astra-current calls 2
READ 37-W01-gpt-6-astra-slim ['skills/wae/SKILL.md']
DELIVERED 37-W01-gpt-6-astra-slim calls 2
READ 38-W02-gpt-6-astra-slim ['skills/wae/SKILL.md']
DELIVERED 38-W02-gpt-6-astra-slim calls 2
READ 39-W02-gpt-6-astra-current ['skills/wae/SKILL.md']
DELIVERED 39-W02-gpt-6-astra-current calls 2
