{"credential": {"entry": "/Users/william/.config/jev-jarvis/env", "loaded": true, "provider": "TypeSafe official", "model": "jev-1.13.0"}}
{"order": ["display-goal-1-A", "display-goal-1-B", "display-goal-1-C", "display-goal-2-C", "display-goal-2-B", "display-goal-2-A", "mechanism-object-1-B", "mechanism-object-1-C", "mechanism-object-1-A", "mechanism-object-2-A", "mechanism-object-2-C", "mechanism-object-2-B", "record-source-1-C", "record-source-1-A", "record-source-1-B", "record-source-2-B", "record-source-2-A", "record-source-2-C", "skills-scope-1-A", "skills-scope-1-B", "skills-scope-1-C", "skills-scope-2-C", "skills-scope-2-B", "skills-scope-2-A"], "no_retries": true, "started_epoch": 1790760862.092427}
{"dispatch": "display-goal-1-A", "phase": "draft", "prior_calls": 0, "at_epoch": 1790760862.099802}
{"returned": "display-goal-1-A", "phase": "check", "stopped": null, "batch_calls": 1, "at_epoch": 1790760930.6271958}
{"dispatch": "display-goal-1-A", "phase": "check", "prior_calls": 1, "at_epoch": 1790760930.6434188}
{"returned": "display-goal-1-A", "phase": "done", "stopped": null, "batch_calls": 2, "at_epoch": 1790761032.315994}
{"path_end": "display-goal-1-A", "phase": "done", "stopped": null}
{"dispatch": "display-goal-1-B", "phase": "atoms", "prior_calls": 0, "at_epoch": 1790761032.489696}
{"returned": "display-goal-1-B", "phase": "draft", "stopped": null, "batch_calls": 3, "at_epoch": 1790761205.346014}
{"dispatch": "display-goal-1-B", "phase": "draft", "prior_calls": 1, "at_epoch": 1790761205.362456}
{"returned": "display-goal-1-B", "phase": "done", "stopped": null, "batch_calls": 4, "at_epoch": 1790761327.169332}
{"path_end": "display-goal-1-B", "phase": "done", "stopped": null}
{"dispatch": "display-goal-1-C", "phase": "round1", "prior_calls": 0, "at_epoch": 1790761327.380507}
{"returned": "display-goal-1-C", "phase": "round2", "stopped": null, "batch_calls": 5, "at_epoch": 1790761388.532827}
{"dispatch": "display-goal-1-C", "phase": "round2", "prior_calls": 1, "at_epoch": 1790761388.549386}
{"returned": "display-goal-1-C", "phase": "round3", "stopped": null, "batch_calls": 6, "at_epoch": 1790761449.16573}
{"dispatch": "display-goal-1-C", "phase": "round3", "prior_calls": 2, "at_epoch": 1790761449.1930602}
{"returned": "display-goal-1-C", "phase": "draft", "stopped": null, "batch_calls": 7, "at_epoch": 1790761509.89051}
{"dispatch": "display-goal-1-C", "phase": "draft", "prior_calls": 3, "at_epoch": 1790761509.956488}
{"returned": "display-goal-1-C", "phase": "done", "stopped": null, "batch_calls": 8, "at_epoch": 1790761649.000591}
{"path_end": "display-goal-1-C", "phase": "done", "stopped": null}
{"dispatch": "display-goal-2-C", "phase": "round1", "prior_calls": 0, "at_epoch": 1790761649.2684429}
{"returned": "display-goal-2-C", "phase": "round2", "stopped": null, "batch_calls": 9, "at_epoch": 1790761712.695462}
{"dispatch": "display-goal-2-C", "phase": "round2", "prior_calls": 1, "at_epoch": 1790761712.711704}
{"returned": "display-goal-2-C", "phase": "round3", "stopped": null, "batch_calls": 10, "at_epoch": 1790761774.109832}
{"dispatch": "display-goal-2-C", "phase": "round3", "prior_calls": 2, "at_epoch": 1790761774.136729}
{"returned": "display-goal-2-C", "phase": "draft", "stopped": null, "batch_calls": 11, "at_epoch": 1790761834.7903712}
{"dispatch": "display-goal-2-C", "phase": "draft", "prior_calls": 3, "at_epoch": 1790761834.8273962}
{"returned": "display-goal-2-C", "phase": "draft", "stopped": "format_failure", "batch_calls": 12, "at_epoch": 1790761951.73529}
{"path_end": "display-goal-2-C", "phase": "draft", "stopped": "format_failure"}
{"dispatch": "display-goal-2-B", "phase": "atoms", "prior_calls": 0, "at_epoch": 1790761952.1206021}
{"returned": "display-goal-2-B", "phase": "draft", "stopped": null, "batch_calls": 13, "at_epoch": 1790762095.0378702}
{"dispatch": "display-goal-2-B", "phase": "draft", "prior_calls": 1, "at_epoch": 1790762095.054639}
{"returned": "display-goal-2-B", "phase": "check", "stopped": null, "batch_calls": 14, "at_epoch": 1790762267.858133}
{"dispatch": "display-goal-2-B", "phase": "check", "prior_calls": 2, "at_epoch": 1790762267.885191}
{"returned": "display-goal-2-B", "phase": "done", "stopped": null, "batch_calls": 15, "at_epoch": 1790762388.813395}
{"path_end": "display-goal-2-B", "phase": "done", "stopped": null}
{"dispatch": "display-goal-2-A", "phase": "draft", "prior_calls": 0, "at_epoch": 1790762389.134303}
{"returned": "display-goal-2-A", "phase": "draft", "stopped": null, "batch_calls": 16, "at_epoch": 1790762484.3372889}
{"dispatch": "display-goal-2-A", "phase": "draft", "prior_calls": 1, "at_epoch": 1790762484.3527858}
{"returned": "display-goal-2-A", "phase": "check", "stopped": null, "batch_calls": 17, "at_epoch": 1790762646.970046}
{"dispatch": "display-goal-2-A", "phase": "check", "prior_calls": 2, "at_epoch": 1790762646.996908}
{"returned": "display-goal-2-A", "phase": "done", "stopped": null, "batch_calls": 18, "at_epoch": 1790762765.396977}
{"path_end": "display-goal-2-A", "phase": "done", "stopped": null}
{"dispatch": "mechanism-object-1-B", "phase": "atoms", "prior_calls": 0, "at_epoch": 1790762765.757619}
{"returned": "mechanism-object-1-B", "phase": "draft", "stopped": null, "batch_calls": 19, "at_epoch": 1790762998.738837}
{"dispatch": "mechanism-object-1-B", "phase": "draft", "prior_calls": 1, "at_epoch": 1790762998.757605}
{"returned": "mechanism-object-1-B", "phase": "done", "stopped": null, "batch_calls": 20, "at_epoch": 1790763160.856195}
{"path_end": "mechanism-object-1-B", "phase": "done", "stopped": null}
{"dispatch": "mechanism-object-1-C", "phase": "round1", "prior_calls": 0, "at_epoch": 1790763161.265794}
{"returned": "mechanism-object-1-C", "phase": "round2", "stopped": null, "batch_calls": 21, "at_epoch": 1790763222.217906}
{"dispatch": "mechanism-object-1-C", "phase": "round2", "prior_calls": 1, "at_epoch": 1790763222.2401369}
{"returned": "mechanism-object-1-C", "phase": "round3", "stopped": null, "batch_calls": 22, "at_epoch": 1790763282.72834}
{"dispatch": "mechanism-object-1-C", "phase": "round3", "prior_calls": 2, "at_epoch": 1790763282.755602}
{"returned": "mechanism-object-1-C", "phase": "draft", "stopped": null, "batch_calls": 23, "at_epoch": 1790763343.343841}
{"dispatch": "mechanism-object-1-C", "phase": "draft", "prior_calls": 3, "at_epoch": 1790763343.3805199}
{"returned": "mechanism-object-1-C", "phase": "done", "stopped": null, "batch_calls": 24, "at_epoch": 1790763520.6865122}
{"path_end": "mechanism-object-1-C", "phase": "done", "stopped": null}
{"dispatch": "mechanism-object-1-A", "phase": "draft", "prior_calls": 0, "at_epoch": 1790763521.134869}
{"returned": "mechanism-object-1-A", "phase": "draft", "stopped": null, "batch_calls": 25, "at_epoch": 1790763644.224614}
{"dispatch": "mechanism-object-1-A", "phase": "draft", "prior_calls": 1, "at_epoch": 1790763644.241958}
{"returned": "mechanism-object-1-A", "phase": "draft", "stopped": null, "batch_calls": 26, "at_epoch": 1790763762.6428201}
{"dispatch": "mechanism-object-1-A", "phase": "draft", "prior_calls": 2, "at_epoch": 1790763762.6859012}
{"returned": "mechanism-object-1-A", "phase": "check", "stopped": null, "batch_calls": 27, "at_epoch": 1790763899.263009}
{"dispatch": "mechanism-object-1-A", "phase": "check", "prior_calls": 3, "at_epoch": 1790763899.303037}
{"returned": "mechanism-object-1-A", "phase": "done", "stopped": null, "batch_calls": 28, "at_epoch": 1790764017.956436}
{"path_end": "mechanism-object-1-A", "phase": "done", "stopped": null}
{"dispatch": "mechanism-object-2-A", "phase": "draft", "prior_calls": 0, "at_epoch": 1790764018.45037}
{"returned": "mechanism-object-2-A", "phase": "draft", "stopped": null, "batch_calls": 29, "at_epoch": 1790764119.846866}
{"dispatch": "mechanism-object-2-A", "phase": "draft", "prior_calls": 1, "at_epoch": 1790764119.862854}
{"returned": "mechanism-object-2-A", "phase": "draft", "stopped": "format_failure", "batch_calls": 30, "at_epoch": 1790764224.767257}
{"path_end": "mechanism-object-2-A", "phase": "draft", "stopped": "format_failure"}
{"dispatch": "mechanism-object-2-C", "phase": "round1", "prior_calls": 0, "at_epoch": 1790764225.282041}
{"returned": "mechanism-object-2-C", "phase": "round2", "stopped": null, "batch_calls": 31, "at_epoch": 1790764288.5457091}
{"dispatch": "mechanism-object-2-C", "phase": "round2", "prior_calls": 1, "at_epoch": 1790764288.561874}
{"returned": "mechanism-object-2-C", "phase": "round3", "stopped": null, "batch_calls": 32, "at_epoch": 1790764349.33954}
{"dispatch": "mechanism-object-2-C", "phase": "round3", "prior_calls": 2, "at_epoch": 1790764349.3662038}
{"returned": "mechanism-object-2-C", "phase": "draft", "stopped": null, "batch_calls": 33, "at_epoch": 1790764409.975274}
{"dispatch": "mechanism-object-2-C", "phase": "draft", "prior_calls": 3, "at_epoch": 1790764410.015885}
{"returned": "mechanism-object-2-C", "phase": "draft", "stopped": null, "batch_calls": 34, "at_epoch": 1790764521.506407}
{"batch_stop": true, "path": "mechanism-object-2-C", "reason": null}
{"credential": {"entry": "/Users/william/.config/jev-jarvis/env", "loaded": true, "provider": "TypeSafe official", "model": "jev-1.13.0"}}
{"order": ["display-goal-1-A", "display-goal-1-B", "display-goal-1-C", "display-goal-2-C", "display-goal-2-B", "display-goal-2-A", "mechanism-object-1-B", "mechanism-object-1-C", "mechanism-object-1-A", "mechanism-object-2-A", "mechanism-object-2-C", "mechanism-object-2-B", "record-source-1-C", "record-source-1-A", "record-source-1-B", "record-source-2-B", "record-source-2-A", "record-source-2-C", "skills-scope-1-A", "skills-scope-1-B", "skills-scope-1-C", "skills-scope-2-C", "skills-scope-2-B", "skills-scope-2-A"], "no_retries": true, "started_epoch": 1790765361.749703}
{"path_end": "display-goal-1-A", "phase": "done", "stopped": null}
{"path_end": "display-goal-1-B", "phase": "done", "stopped": null}
{"path_end": "display-goal-1-C", "phase": "done", "stopped": null}
{"path_end": "display-goal-2-C", "phase": "draft", "stopped": "format_failure"}
{"path_end": "display-goal-2-B", "phase": "done", "stopped": null}
{"path_end": "display-goal-2-A", "phase": "done", "stopped": null}
{"path_end": "mechanism-object-1-B", "phase": "done", "stopped": null}
{"path_end": "mechanism-object-1-C", "phase": "done", "stopped": null}
{"path_end": "mechanism-object-1-A", "phase": "done", "stopped": null}
{"path_end": "mechanism-object-2-A", "phase": "draft", "stopped": "format_failure"}
{"dispatch": "mechanism-object-2-C", "phase": "draft", "prior_calls": 4, "at_epoch": 1790765368.075714}
{"returned": "mechanism-object-2-C", "phase": "done", "stopped": null, "batch_calls": 35, "at_epoch": 1790765530.153244}
{"path_end": "mechanism-object-2-C", "phase": "done", "stopped": null}
{"dispatch": "mechanism-object-2-B", "phase": "atoms", "prior_calls": 0, "at_epoch": 1790765531.227343}
{"returned": "mechanism-object-2-B", "phase": "draft", "stopped": null, "batch_calls": 36, "at_epoch": 1790765773.7891278}
{"dispatch": "mechanism-object-2-B", "phase": "draft", "prior_calls": 1, "at_epoch": 1790765774.2367868}
{"returned": "mechanism-object-2-B", "phase": "draft", "stopped": null, "batch_calls": 37, "at_epoch": 1790765920.3341491}
{"dispatch": "mechanism-object-2-B", "phase": "draft", "prior_calls": 2, "at_epoch": 1790765920.796431}
{"returned": "mechanism-object-2-B", "phase": "check", "stopped": null, "batch_calls": 38, "at_epoch": 1790766086.040639}
{"dispatch": "mechanism-object-2-B", "phase": "check", "prior_calls": 3, "at_epoch": 1790766086.521384}
{"returned": "mechanism-object-2-B", "phase": "done", "stopped": null, "batch_calls": 39, "at_epoch": 1790766200.662623}
{"path_end": "mechanism-object-2-B", "phase": "done", "stopped": null}
{"dispatch": "record-source-1-C", "phase": "round1", "prior_calls": 0, "at_epoch": 1790766201.7470772}
{"returned": "record-source-1-C", "phase": "round2", "stopped": null, "batch_calls": 40, "at_epoch": 1790766261.878269}
{"dispatch": "record-source-1-C", "phase": "round2", "prior_calls": 1, "at_epoch": 1790766262.2978408}
{"returned": "record-source-1-C", "phase": "round3", "stopped": null, "batch_calls": 41, "at_epoch": 1790766322.579849}
{"dispatch": "record-source-1-C", "phase": "round3", "prior_calls": 2, "at_epoch": 1790766323.0344021}
{"returned": "record-source-1-C", "phase": "draft", "stopped": null, "batch_calls": 42, "at_epoch": 1790766383.238484}
{"dispatch": "record-source-1-C", "phase": "draft", "prior_calls": 3, "at_epoch": 1790766383.766112}
{"returned": "record-source-1-C", "phase": "done", "stopped": null, "batch_calls": 43, "at_epoch": 1790766524.4796999}
{"path_end": "record-source-1-C", "phase": "done", "stopped": null}
{"dispatch": "record-source-1-A", "phase": "draft", "prior_calls": 0, "at_epoch": 1790766525.702067}
{"returned": "record-source-1-A", "phase": "draft", "stopped": null, "batch_calls": 44, "at_epoch": 1790766658.0086951}
{"dispatch": "record-source-1-A", "phase": "draft", "prior_calls": 1, "at_epoch": 1790766658.468508}
{"returned": "record-source-1-A", "phase": "check", "stopped": null, "batch_calls": 45, "at_epoch": 1790766824.964672}
{"dispatch": "record-source-1-A", "phase": "check", "prior_calls": 2, "at_epoch": 1790766825.441934}
{"returned": "record-source-1-A", "phase": "done", "stopped": null, "batch_calls": 46, "at_epoch": 1790766942.5296462}
{"path_end": "record-source-1-A", "phase": "done", "stopped": null}
{"dispatch": "record-source-1-B", "phase": "atoms", "prior_calls": 0, "at_epoch": 1790766943.758313}
{"returned": "record-source-1-B", "phase": "draft", "stopped": null, "batch_calls": 47, "at_epoch": 1790767133.375322}
{"dispatch": "record-source-1-B", "phase": "draft", "prior_calls": 1, "at_epoch": 1790767134.043315}
{"returned": "record-source-1-B", "phase": "draft", "stopped": "unknown", "batch_calls": 48, "at_epoch": 1790767553.279475}
{"batch_stop": true, "path": "record-source-1-B", "reason": "read_repair_no_new_stop"}
{"credential": {"entry": "/Users/william/.config/jev-jarvis/env", "loaded": true, "provider": "TypeSafe official", "model": "jev-1.13.0"}}
{"order": ["display-goal-1-A", "display-goal-1-B", "display-goal-1-C", "display-goal-2-C", "display-goal-2-B", "display-goal-2-A", "mechanism-object-1-B", "mechanism-object-1-C", "mechanism-object-1-A", "mechanism-object-2-A", "mechanism-object-2-C", "mechanism-object-2-B", "record-source-1-C", "record-source-1-A", "record-source-1-B", "record-source-2-B", "record-source-2-A", "record-source-2-C", "skills-scope-1-A", "skills-scope-1-B", "skills-scope-1-C", "skills-scope-2-C", "skills-scope-2-B", "skills-scope-2-A"], "no_retries": true, "started_epoch": 1790773971.533685}
{"path_end": "display-goal-1-A", "phase": "done", "stopped": null}
{"path_end": "display-goal-1-B", "phase": "done", "stopped": null}
{"path_end": "display-goal-1-C", "phase": "done", "stopped": null}
{"path_end": "display-goal-2-C", "phase": "draft", "stopped": "format_failure"}
{"path_end": "display-goal-2-B", "phase": "done", "stopped": null}
{"path_end": "display-goal-2-A", "phase": "done", "stopped": null}
{"path_end": "mechanism-object-1-B", "phase": "done", "stopped": null}
{"path_end": "mechanism-object-1-C", "phase": "done", "stopped": null}
{"path_end": "mechanism-object-1-A", "phase": "done", "stopped": null}
{"path_end": "mechanism-object-2-A", "phase": "draft", "stopped": "format_failure"}
{"path_end": "mechanism-object-2-C", "phase": "done", "stopped": null}
{"path_end": "mechanism-object-2-B", "phase": "done", "stopped": null}
{"path_end": "record-source-1-C", "phase": "done", "stopped": null}
{"path_end": "record-source-1-A", "phase": "done", "stopped": null}
{"path_end": "record-source-1-B", "phase": "draft", "stopped": "unknown"}
{"dispatch": "record-source-2-B", "phase": "atoms", "prior_calls": 0, "at_epoch": 1790773982.402336}
{"returned": "record-source-2-B", "phase": "draft", "stopped": null, "batch_calls": 49, "at_epoch": 1790774385.003267}
{"dispatch": "record-source-2-B", "phase": "draft", "prior_calls": 1, "at_epoch": 1790774386.476667}
{"returned": "record-source-2-B", "phase": "draft", "stopped": "unknown", "batch_calls": 50, "at_epoch": 1790774788.1712708}
{"batch_stop": true, "path": "record-source-2-B", "reason": "named_47_new_stop"}
{"credential": {"entry": "/Users/william/.config/jev-jarvis/env", "loaded": true, "provider": "TypeSafe official", "model": "jev-1.13.0"}}
{"order": ["display-goal-1-A", "display-goal-1-B", "display-goal-1-C", "display-goal-2-C", "display-goal-2-B", "display-goal-2-A", "mechanism-object-1-B", "mechanism-object-1-C", "mechanism-object-1-A", "mechanism-object-2-A", "mechanism-object-2-C", "mechanism-object-2-B", "record-source-1-C", "record-source-1-A", "record-source-1-B", "record-source-2-B", "record-source-2-A", "record-source-2-C", "skills-scope-1-A", "skills-scope-1-B", "skills-scope-1-C", "skills-scope-2-C", "skills-scope-2-B", "skills-scope-2-A"], "no_retries": true, "started_epoch": 1790777562.586037}
{"path_end": "display-goal-1-A", "phase": "done", "stopped": null}
{"path_end": "display-goal-1-B", "phase": "done", "stopped": null}
{"path_end": "display-goal-1-C", "phase": "done", "stopped": null}
{"path_end": "display-goal-2-C", "phase": "draft", "stopped": "format_failure"}
{"path_end": "display-goal-2-B", "phase": "done", "stopped": null}
{"path_end": "display-goal-2-A", "phase": "done", "stopped": null}
{"path_end": "mechanism-object-1-B", "phase": "done", "stopped": null}
{"path_end": "mechanism-object-1-C", "phase": "done", "stopped": null}
{"path_end": "mechanism-object-1-A", "phase": "done", "stopped": null}
{"path_end": "mechanism-object-2-A", "phase": "draft", "stopped": "format_failure"}
{"path_end": "mechanism-object-2-C", "phase": "done", "stopped": null}
{"path_end": "mechanism-object-2-B", "phase": "done", "stopped": null}
{"path_end": "record-source-1-C", "phase": "done", "stopped": null}
{"path_end": "record-source-1-A", "phase": "done", "stopped": null}
{"path_end": "record-source-1-B", "phase": "draft", "stopped": "unknown"}
{"dispatch": "record-source-2-B", "phase": "draft", "prior_calls": 2, "at_epoch": 1790777574.39275}
{"returned": "record-source-2-B", "phase": "check", "stopped": null, "batch_calls": 51, "at_epoch": 1790777733.9378188}
{"dispatch": "record-source-2-B", "phase": "check", "prior_calls": 3, "at_epoch": 1790777734.662452}
{"returned": "record-source-2-B", "phase": "done", "stopped": null, "batch_calls": 52, "at_epoch": 1790777853.0367281}
{"path_end": "record-source-2-B", "phase": "done", "stopped": null}
{"dispatch": "record-source-2-A", "phase": "draft", "prior_calls": 0, "at_epoch": 1790777854.4398699}
{"returned": "record-source-2-A", "phase": "check", "stopped": null, "batch_calls": 53, "at_epoch": 1790778024.365749}
{"dispatch": "record-source-2-A", "phase": "check", "prior_calls": 1, "at_epoch": 1790778024.9896152}
{"returned": "record-source-2-A", "phase": "done", "stopped": null, "batch_calls": 54, "at_epoch": 1790778134.3620229}
{"path_end": "record-source-2-A", "phase": "done", "stopped": null}
{"dispatch": "record-source-2-C", "phase": "round1", "prior_calls": 0, "at_epoch": 1790778135.701487}
{"returned": "record-source-2-C", "phase": "round2", "stopped": null, "batch_calls": 55, "at_epoch": 1790778195.720313}
{"dispatch": "record-source-2-C", "phase": "round2", "prior_calls": 1, "at_epoch": 1790778196.329403}
{"returned": "record-source-2-C", "phase": "round3", "stopped": null, "batch_calls": 56, "at_epoch": 1790778257.463789}
{"dispatch": "record-source-2-C", "phase": "round3", "prior_calls": 2, "at_epoch": 1790778258.075003}
{"returned": "record-source-2-C", "phase": "draft", "stopped": null, "batch_calls": 57, "at_epoch": 1790778318.273121}
{"dispatch": "record-source-2-C", "phase": "draft", "prior_calls": 3, "at_epoch": 1790778318.917419}
{"returned": "record-source-2-C", "phase": "done", "stopped": null, "batch_calls": 58, "at_epoch": 1790778464.092861}
{"path_end": "record-source-2-C", "phase": "done", "stopped": null}
{"dispatch": "skills-scope-1-A", "phase": "draft", "prior_calls": 0, "at_epoch": 1790778465.5135}
{"returned": "skills-scope-1-A", "phase": "check", "stopped": null, "batch_calls": 59, "at_epoch": 1790778574.465169}
{"dispatch": "skills-scope-1-A", "phase": "check", "prior_calls": 1, "at_epoch": 1790778575.083308}
{"returned": "skills-scope-1-A", "phase": "done", "stopped": null, "batch_calls": 60, "at_epoch": 1790778686.635693}
{"path_end": "skills-scope-1-A", "phase": "done", "stopped": null}
{"dispatch": "skills-scope-1-B", "phase": "atoms", "prior_calls": 0, "at_epoch": 1790778688.030933}
{"returned": "skills-scope-1-B", "phase": "draft", "stopped": null, "batch_calls": 61, "at_epoch": 1790778857.879874}
{"dispatch": "skills-scope-1-B", "phase": "draft", "prior_calls": 1, "at_epoch": 1790778858.56476}
{"returned": "skills-scope-1-B", "phase": "done", "stopped": null, "batch_calls": 62, "at_epoch": 1790778979.235272}
{"path_end": "skills-scope-1-B", "phase": "done", "stopped": null}
{"dispatch": "skills-scope-1-C", "phase": "round1", "prior_calls": 0, "at_epoch": 1790778980.6636748}
{"returned": "skills-scope-1-C", "phase": "round2", "stopped": null, "batch_calls": 63, "at_epoch": 1790779040.583543}
{"dispatch": "skills-scope-1-C", "phase": "round2", "prior_calls": 1, "at_epoch": 1790779041.201316}
{"returned": "skills-scope-1-C", "phase": "round3", "stopped": null, "batch_calls": 64, "at_epoch": 1790779102.280245}
{"dispatch": "skills-scope-1-C", "phase": "round3", "prior_calls": 2, "at_epoch": 1790779102.895811}
{"returned": "skills-scope-1-C", "phase": "draft", "stopped": null, "batch_calls": 65, "at_epoch": 1790779162.876204}
{"dispatch": "skills-scope-1-C", "phase": "draft", "prior_calls": 3, "at_epoch": 1790779163.503847}
{"returned": "skills-scope-1-C", "phase": "done", "stopped": null, "batch_calls": 66, "at_epoch": 1790779302.8317518}
{"path_end": "skills-scope-1-C", "phase": "done", "stopped": null}
{"dispatch": "skills-scope-2-C", "phase": "round1", "prior_calls": 0, "at_epoch": 1790779304.308108}
{"returned": "skills-scope-2-C", "phase": "round2", "stopped": null, "batch_calls": 67, "at_epoch": 1790779363.6007192}
{"dispatch": "skills-scope-2-C", "phase": "round2", "prior_calls": 1, "at_epoch": 1790779364.208653}
{"returned": "skills-scope-2-C", "phase": "round3", "stopped": null, "batch_calls": 68, "at_epoch": 1790779429.1845398}
{"dispatch": "skills-scope-2-C", "phase": "round3", "prior_calls": 2, "at_epoch": 1790779429.802207}
{"returned": "skills-scope-2-C", "phase": "draft", "stopped": null, "batch_calls": 69, "at_epoch": 1790779491.084057}
{"dispatch": "skills-scope-2-C", "phase": "draft", "prior_calls": 3, "at_epoch": 1790779491.720383}
{"returned": "skills-scope-2-C", "phase": "done", "stopped": null, "batch_calls": 70, "at_epoch": 1790779638.687907}
{"path_end": "skills-scope-2-C", "phase": "done", "stopped": null}
{"dispatch": "skills-scope-2-B", "phase": "atoms", "prior_calls": 0, "at_epoch": 1790779640.209263}
{"returned": "skills-scope-2-B", "phase": "draft", "stopped": null, "batch_calls": 71, "at_epoch": 1790779857.791845}
{"dispatch": "skills-scope-2-B", "phase": "draft", "prior_calls": 1, "at_epoch": 1790779858.420653}
{"returned": "skills-scope-2-B", "phase": "check", "stopped": null, "batch_calls": 72, "at_epoch": 1790780009.902452}
{"dispatch": "skills-scope-2-B", "phase": "check", "prior_calls": 2, "at_epoch": 1790780010.5587158}
{"returned": "skills-scope-2-B", "phase": "done", "stopped": null, "batch_calls": 73, "at_epoch": 1790780137.0270011}
{"path_end": "skills-scope-2-B", "phase": "done", "stopped": null}
{"dispatch": "skills-scope-2-A", "phase": "draft", "prior_calls": 0, "at_epoch": 1790780138.68434}
{"returned": "skills-scope-2-A", "phase": "draft", "stopped": null, "batch_calls": 74, "at_epoch": 1790780257.861892}
{"dispatch": "skills-scope-2-A", "phase": "draft", "prior_calls": 1, "at_epoch": 1790780258.676546}
{"returned": "skills-scope-2-A", "phase": "check", "stopped": null, "batch_calls": 75, "at_epoch": 1790780415.310477}
{"dispatch": "skills-scope-2-A", "phase": "check", "prior_calls": 2, "at_epoch": 1790780416.042371}
{"returned": "skills-scope-2-A", "phase": "done", "stopped": null, "batch_calls": 76, "at_epoch": 1790780537.6956742}
{"path_end": "skills-scope-2-A", "phase": "done", "stopped": null}
{"completed_batch": true, "counts": {"logical_calls": 76, "host_calls": 52, "jev_calls": 24}}
